// Jest Snapshot v1, https://goo.gl/fbAQLP

exports[`NewTodoForm should match snapshot 1`] = `
<div>
  <form>
    <label
      for="task"
    >
      Task:
    </label>
    <input
      id="task"
      name="task"
      type="text"
      value=""
    />
    <button
      type="submit"
    >
      Add Todo
    </button>
  </form>
</div>
`;
