// Jest Snapshot v1, https://goo.gl/fbAQLP

exports[`Todo should match snapshot 1`] = `
<li
  class="todo "
>
  <div
    class="d-flex justify-content-between align-items-center"
  >
    <span
      class="flex-grow-1 mr-3"
      style="text-decoration: none; cursor: pointer;"
    >
      Test Todo
    </span>
    <div
      class="d-flex"
    >
      <button
        class="todo-item__buttons__edit-button"
      >
        Edit
      </button>
      <button
        class="todo-item__buttons__remove-button"
      >
        X
      </button>
      <button
        class="todo-item__buttons__toggle-completion-button"
      >
        Mark as Completed
      </button>
    </div>
  </div>
</li>
`;
